Job ID: 3767499
Node: ip-10-1-80-213
GPUs: 0,1,2,3,4,5,6,7
Start time: Sun Dec 21 20:34:41 UTC 2025
Overriding config with config/train_gpt2_moe_124m.py:
# Config for 124M active parameter MoE model
# Architecture: GPT-2 style with MoE replacing MLP
# - 6 experts per layer, top-2 routing
# - Active params ~124M, total params ~238M

import os

# wandb logging
wandb_log = True
wandb_project = 'nanogpt-moe'
wandb_run_name = 'gpt2-moe-124m-top2-6experts'

# output directory
out_dir = f'out/{wandb_run_name}'
os.makedirs(out_dir, exist_ok=True)

# model architecture (matches GPT-2 124M for attention/embeddings)
n_layer = 12
n_head = 12
n_embd = 768
block_size = 1024
vocab_size = 50304  # padded for efficiency
bias = False  # no bias for slightly better performance
dropout = 0.0

# MoE configuration
use_moe = True
moe_num_experts = 6
moe_num_experts_per_tok = 2  # top-2 routing
# Hidden size chosen so active params ≈ 124M
# Each expert: 768 * 1536 * 2 = 2.36M params
# Top-2 active: 4.72M per layer (matches GPT-2 MLP)
moe_ffn_hidden_size = 1536

# training configuration
batch_size = 12  # micro batch size per GPU
block_size = 1024
gradient_accumulation_steps = 40  # effective batch = 12 * 40 * num_gpus

# optimizer
learning_rate = 6e-4
max_iters = 600000
weight_decay = 0.1
beta1 = 0.9
beta2 = 0.95
grad_clip = 1.0

# learning rate schedule
warmup_iters = 2000
lr_decay_iters = 600000
min_lr = 6e-5

# evaluation
eval_interval = 1000
eval_iters = 200
log_interval = 10

# checkpointing
always_save_checkpoint = False

# system
compile = False  # disable for FSDP compatibility


Overriding config with config/train_gpt2_moe_124m.py:
# Config for 124M active parameter MoE model
# Architecture: GPT-2 style with MoE replacing MLP
# - 6 experts per layer, top-2 routing
# - Active params ~124M, total params ~238M

import os

# wandb logging
wandb_log = True
wandb_project = 'nanogpt-moe'
wandb_run_name = 'gpt2-moe-124m-top2-6experts'

# output directory
out_dir = f'out/{wandb_run_name}'
os.makedirs(out_dir, exist_ok=True)

# model architecture (matches GPT-2 124M for attention/embeddings)
n_layer = 12
n_head = 12
n_embd = 768
block_size = 1024
vocab_size = 50304  # padded for efficiency
bias = False  # no bias for slightly better performance
dropout = 0.0

# MoE configuration
use_moe = True
moe_num_experts = 6
moe_num_experts_per_tok = 2  # top-2 routing
# Hidden size chosen so active params ≈ 124M
# Each expert: 768 * 1536 * 2 = 2.36M params
# Top-2 active: 4.72M per layer (matches GPT-2 MLP)
moe_ffn_hidden_size = 1536

# training configuration
batch_size = 12  # micro batch size per GPU
block_size = 1024
gradient_accumulation_steps = 40  # effective batch = 12 * 40 * num_gpus

# optimizer
learning_rate = 6e-4
max_iters = 600000
weight_decay = 0.1
beta1 = 0.9
beta2 = 0.95
grad_clip = 1.0

# learning rate schedule
warmup_iters = 2000
lr_decay_iters = 600000
min_lr = 6e-5

# evaluation
eval_interval = 1000
eval_iters = 200
log_interval = 10

# checkpointing
always_save_checkpoint = False

# system
compile = False  # disable for FSDP compatibility


Overriding config with config/train_gpt2_moe_124m.py:
# Config for 124M active parameter MoE model
# Architecture: GPT-2 style with MoE replacing MLP
# - 6 experts per layer, top-2 routing
# - Active params ~124M, total params ~238M

import os

# wandb logging
wandb_log = True
wandb_project = 'nanogpt-moe'
wandb_run_name = 'gpt2-moe-124m-top2-6experts'

# output directory
out_dir = f'out/{wandb_run_name}'
os.makedirs(out_dir, exist_ok=True)

# model architecture (matches GPT-2 124M for attention/embeddings)
n_layer = 12
n_head = 12
n_embd = 768
block_size = 1024
vocab_size = 50304  # padded for efficiency
bias = False  # no bias for slightly better performance
dropout = 0.0

# MoE configuration
use_moe = True
moe_num_experts = 6
moe_num_experts_per_tok = 2  # top-2 routing
# Hidden size chosen so active params ≈ 124M
# Each expert: 768 * 1536 * 2 = 2.36M params
# Top-2 active: 4.72M per layer (matches GPT-2 MLP)
moe_ffn_hidden_size = 1536

# training configuration
batch_size = 12  # micro batch size per GPU
block_size = 1024
gradient_accumulation_steps = 40  # effective batch = 12 * 40 * num_gpus

# optimizer
learning_rate = 6e-4
max_iters = 600000
weight_decay = 0.1
beta1 = 0.9
beta2 = 0.95
grad_clip = 1.0

# learning rate schedule
warmup_iters = 2000
lr_decay_iters = 600000
min_lr = 6e-5

# evaluation
eval_interval = 1000
eval_iters = 200
log_interval = 10

# checkpointing
always_save_checkpoint = False

# system
compile = False  # disable for FSDP compatibility


Overriding config with config/train_gpt2_moe_124m.py:
# Config for 124M active parameter MoE model
# Architecture: GPT-2 style with MoE replacing MLP
# - 6 experts per layer, top-2 routing
# - Active params ~124M, total params ~238M

import os

# wandb logging
wandb_log = True
wandb_project = 'nanogpt-moe'
wandb_run_name = 'gpt2-moe-124m-top2-6experts'

# output directory
out_dir = f'out/{wandb_run_name}'
os.makedirs(out_dir, exist_ok=True)

# model architecture (matches GPT-2 124M for attention/embeddings)
n_layer = 12
n_head = 12
n_embd = 768
block_size = 1024
vocab_size = 50304  # padded for efficiency
bias = False  # no bias for slightly better performance
dropout = 0.0

# MoE configuration
use_moe = True
moe_num_experts = 6
moe_num_experts_per_tok = 2  # top-2 routing
# Hidden size chosen so active params ≈ 124M
# Each expert: 768 * 1536 * 2 = 2.36M params
# Top-2 active: 4.72M per layer (matches GPT-2 MLP)
moe_ffn_hidden_size = 1536

# training configuration
batch_size = 12  # micro batch size per GPU
block_size = 1024
gradient_accumulation_steps = 40  # effective batch = 12 * 40 * num_gpus

# optimizer
learning_rate = 6e-4
max_iters = 600000
weight_decay = 0.1
beta1 = 0.9
beta2 = 0.95
grad_clip = 1.0

# learning rate schedule
warmup_iters = 2000
lr_decay_iters = 600000
min_lr = 6e-5

# evaluation
eval_interval = 1000
eval_iters = 200
log_interval = 10

# checkpointing
always_save_checkpoint = False

# system
compile = False  # disable for FSDP compatibility


Overriding config with config/train_gpt2_moe_124m.py:
# Config for 124M active parameter MoE model
# Architecture: GPT-2 style with MoE replacing MLP
# - 6 experts per layer, top-2 routing
# - Active params ~124M, total params ~238M

import os

# wandb logging
wandb_log = True
wandb_project = 'nanogpt-moe'
wandb_run_name = 'gpt2-moe-124m-top2-6experts'

# output directory
out_dir = f'out/{wandb_run_name}'
os.makedirs(out_dir, exist_ok=True)

# model architecture (matches GPT-2 124M for attention/embeddings)
n_layer = 12
n_head = 12
n_embd = 768
block_size = 1024
vocab_size = 50304  # padded for efficiency
bias = False  # no bias for slightly better performance
dropout = 0.0

# MoE configuration
use_moe = True
moe_num_experts = 6
moe_num_experts_per_tok = 2  # top-2 routing
# Hidden size chosen so active params ≈ 124M
# Each expert: 768 * 1536 * 2 = 2.36M params
# Top-2 active: 4.72M per layer (matches GPT-2 MLP)
moe_ffn_hidden_size = 1536

# training configuration
batch_size = 12  # micro batch size per GPU
block_size = 1024
gradient_accumulation_steps = 40  # effective batch = 12 * 40 * num_gpus

# optimizer
learning_rate = 6e-4
max_iters = 600000
weight_decay = 0.1
beta1 = 0.9
beta2 = 0.95
grad_clip = 1.0

# learning rate schedule
warmup_iters = 2000
lr_decay_iters = 600000
min_lr = 6e-5

# evaluation
eval_interval = 1000
eval_iters = 200
log_interval = 10

# checkpointing
always_save_checkpoint = False

# system
compile = False  # disable for FSDP compatibility


Overriding config with config/train_gpt2_moe_124m.py:
# Config for 124M active parameter MoE model
# Architecture: GPT-2 style with MoE replacing MLP
# - 6 experts per layer, top-2 routing
# - Active params ~124M, total params ~238M

import os

# wandb logging
wandb_log = True
wandb_project = 'nanogpt-moe'
wandb_run_name = 'gpt2-moe-124m-top2-6experts'

# output directory
out_dir = f'out/{wandb_run_name}'
os.makedirs(out_dir, exist_ok=True)

# model architecture (matches GPT-2 124M for attention/embeddings)
n_layer = 12
n_head = 12
n_embd = 768
block_size = 1024
vocab_size = 50304  # padded for efficiency
bias = False  # no bias for slightly better performance
dropout = 0.0

# MoE configuration
use_moe = True
moe_num_experts = 6
moe_num_experts_per_tok = 2  # top-2 routing
# Hidden size chosen so active params ≈ 124M
# Each expert: 768 * 1536 * 2 = 2.36M params
# Top-2 active: 4.72M per layer (matches GPT-2 MLP)
moe_ffn_hidden_size = 1536

# training configuration
batch_size = 12  # micro batch size per GPU
block_size = 1024
gradient_accumulation_steps = 40  # effective batch = 12 * 40 * num_gpus

# optimizer
learning_rate = 6e-4
max_iters = 600000
weight_decay = 0.1
beta1 = 0.9
beta2 = 0.95
grad_clip = 1.0

# learning rate schedule
warmup_iters = 2000
lr_decay_iters = 600000
min_lr = 6e-5

# evaluation
eval_interval = 1000
eval_iters = 200
log_interval = 10

# checkpointing
always_save_checkpoint = False

# system
compile = False  # disable for FSDP compatibility


Overriding config with config/train_gpt2_moe_124m.py:
# Config for 124M active parameter MoE model
# Architecture: GPT-2 style with MoE replacing MLP
# - 6 experts per layer, top-2 routing
# - Active params ~124M, total params ~238M

import os

# wandb logging
wandb_log = True
wandb_project = 'nanogpt-moe'
wandb_run_name = 'gpt2-moe-124m-top2-6experts'

# output directory
out_dir = f'out/{wandb_run_name}'
os.makedirs(out_dir, exist_ok=True)

# model architecture (matches GPT-2 124M for attention/embeddings)
n_layer = 12
n_head = 12
n_embd = 768
block_size = 1024
vocab_size = 50304  # padded for efficiency
bias = False  # no bias for slightly better performance
dropout = 0.0

# MoE configuration
use_moe = True
moe_num_experts = 6
moe_num_experts_per_tok = 2  # top-2 routing
# Hidden size chosen so active params ≈ 124M
# Each expert: 768 * 1536 * 2 = 2.36M params
# Top-2 active: 4.72M per layer (matches GPT-2 MLP)
moe_ffn_hidden_size = 1536

# training configuration
batch_size = 12  # micro batch size per GPU
block_size = 1024
gradient_accumulation_steps = 40  # effective batch = 12 * 40 * num_gpus

# optimizer
learning_rate = 6e-4
max_iters = 600000
weight_decay = 0.1
beta1 = 0.9
beta2 = 0.95
grad_clip = 1.0

# learning rate schedule
warmup_iters = 2000
lr_decay_iters = 600000
min_lr = 6e-5

# evaluation
eval_interval = 1000
eval_iters = 200
log_interval = 10

# checkpointing
always_save_checkpoint = False

# system
compile = False  # disable for FSDP compatibility


tokens per iteration will be: 491,520
Initializing a new model from scratch
defaulting to vocab_size of GPT-2 to 50304 (50257 rounded up for efficiency)
Overriding config with config/train_gpt2_moe_124m.py:
# Config for 124M active parameter MoE model
# Architecture: GPT-2 style with MoE replacing MLP
# - 6 experts per layer, top-2 routing
# - Active params ~124M, total params ~238M

import os

# wandb logging
wandb_log = True
wandb_project = 'nanogpt-moe'
wandb_run_name = 'gpt2-moe-124m-top2-6experts'

# output directory
out_dir = f'out/{wandb_run_name}'
os.makedirs(out_dir, exist_ok=True)

# model architecture (matches GPT-2 124M for attention/embeddings)
n_layer = 12
n_head = 12
n_embd = 768
block_size = 1024
vocab_size = 50304  # padded for efficiency
bias = False  # no bias for slightly better performance
dropout = 0.0

# MoE configuration
use_moe = True
moe_num_experts = 6
moe_num_experts_per_tok = 2  # top-2 routing
# Hidden size chosen so active params ≈ 124M
# Each expert: 768 * 1536 * 2 = 2.36M params
# Top-2 active: 4.72M per layer (matches GPT-2 MLP)
moe_ffn_hidden_size = 1536

# training configuration
batch_size = 12  # micro batch size per GPU
block_size = 1024
gradient_accumulation_steps = 40  # effective batch = 12 * 40 * num_gpus

# optimizer
learning_rate = 6e-4
max_iters = 600000
weight_decay = 0.1
beta1 = 0.9
beta2 = 0.95
grad_clip = 1.0

# learning rate schedule
warmup_iters = 2000
lr_decay_iters = 600000
min_lr = 6e-5

# evaluation
eval_interval = 1000
eval_iters = 200
log_interval = 10

# checkpointing
always_save_checkpoint = False

# system
compile = False  # disable for FSDP compatibility


tokens per iteration will be: 491,520
Initializing a new model from scratch
defaulting to vocab_size of GPT-2 to 50304 (50257 rounded up for efficiency)
tokens per iteration will be: 491,520
Initializing a new model from scratch
defaulting to vocab_size of GPT-2 to 50304 (50257 rounded up for efficiency)
tokens per iteration will be: 491,520
Initializing a new model from scratch
defaulting to vocab_size of GPT-2 to 50304 (50257 rounded up for efficiency)
tokens per iteration will be: 491,520
Initializing a new model from scratch
defaulting to vocab_size of GPT-2 to 50304 (50257 rounded up for efficiency)
tokens per iteration will be: 491,520
tokens per iteration will be: 491,520
Initializing a new model from scratch
defaulting to vocab_size of GPT-2 to 50304 (50257 rounded up for efficiency)
Initializing a new model from scratch
defaulting to vocab_size of GPT-2 to 50304 (50257 rounded up for efficiency)
tokens per iteration will be: 491,520
Initializing a new model from scratch
defaulting to vocab_size of GPT-2 to 50304 (50257 rounded up for efficiency)
number of parameters: 236.89M
number of parameters: 236.89M
number of parameters: 236.89M
number of parameters: 236.89M
number of parameters: 236.89M
number of parameters: 236.89M
number of parameters: 236.89M
number of parameters: 236.89M
num decayed parameter tensors: 62, with 237,656,064 parameters
num non-decayed parameter tensors: 37, with 19,272 parameters
using fused AdamW: True
num decayed parameter tensors: 62, with 237,656,064 parameters
num non-decayed parameter tensors: 37, with 19,272 parameters
using fused AdamW: True
num decayed parameter tensors: 62, with 237,656,064 parameters
num non-decayed parameter tensors: 37, with 19,272 parameters
using fused AdamW: True
num decayed parameter tensors: 62, with 237,656,064 parameters
num non-decayed parameter tensors: 37, with 19,272 parameters
using fused AdamW: True
num decayed parameter tensors: 62, with 237,656,064 parameters
num non-decayed parameter tensors: 37, with 19,272 parameters
using fused AdamW: True
num decayed parameter tensors: 62, with 237,656,064 parameters
num non-decayed parameter tensors: 37, with 19,272 parameters
using fused AdamW: True
num decayed parameter tensors: 62, with 237,656,064 parameters
num non-decayed parameter tensors: 37, with 19,272 parameters
using fused AdamW: True
num decayed parameter tensors: 62, with 237,656,064 parameters
num non-decayed parameter tensors: 37, with 19,272 parameters
using fused AdamW: True
step 0: train loss 10.9882, val loss 10.9882
step 0: train loss 10.9883, val loss 10.9878
step 0: train loss 10.9882, val loss 10.9882
step 0: train loss 10.9880, val loss 10.9884
step 0: train loss 10.9878, val loss 10.9876step 0: train loss 10.9881, val loss 10.9882step 0: train loss 10.9887, val loss 10.9885
step 0: train loss 10.9882, val loss 10.9886


iter 0: loss 11.0018, aux_loss 0.0508, time 25169.19ms, mfu -100.00%, throughput 0.020 MT/s
iter 10: loss 10.8590, aux_loss 0.0508, time 961.17ms, mfu 31.40%, throughput 0.511 MT/s
iter 20: loss 10.4002, aux_loss 0.0516, time 999.90ms, mfu 30.81%, throughput 0.492 MT/s
iter 30: loss 9.8211, aux_loss 0.0548, time 1102.06ms, mfu 29.18%, throughput 0.446 MT/s
iter 40: loss 9.5371, aux_loss 0.0576, time 1146.41ms, mfu 27.59%, throughput 0.429 MT/s
iter 50: loss 9.3904, aux_loss 0.0579, time 1156.84ms, mfu 26.42%, throughput 0.425 MT/s
iter 60: loss 8.9313, aux_loss 0.0596, time 1170.76ms, mfu 26.04%, throughput 0.420 MT/s
iter 70: loss 8.8686, aux_loss 0.0607, time 1172.84ms, mfu 25.90%, throughput 0.419 MT/s
iter 80: loss 8.5484, aux_loss 0.0621, time 1168.36ms, mfu 25.87%, throughput 0.421 MT/s
iter 90: loss 8.2834, aux_loss 0.0617, time 1162.63ms, mfu 25.76%, throughput 0.423 MT/s
iter 100: loss 8.1327, aux_loss 0.0597, time 1152.00ms, mfu 25.99%, throughput 0.427 MT/s
iter 110: loss 7.7465, aux_loss 0.0578, time 1140.21ms, mfu 26.25%, throughput 0.431 MT/s
iter 120: loss 7.6490, aux_loss 0.0557, time 1126.81ms, mfu 26.48%, throughput 0.436 MT/s
iter 130: loss 7.3686, aux_loss 0.0553, time 1123.99ms, mfu 26.75%, throughput 0.437 MT/s
iter 140: loss 7.2400, aux_loss 0.0550, time 1100.69ms, mfu 27.13%, throughput 0.447 MT/s
iter 150: loss 7.1469, aux_loss 0.0547, time 1086.78ms, mfu 27.51%, throughput 0.452 MT/s
iter 160: loss 7.0199, aux_loss 0.0542, time 1065.92ms, mfu 27.94%, throughput 0.461 MT/s
iter 170: loss 6.9887, aux_loss 0.0533, time 1048.87ms, mfu 28.35%, throughput 0.469 MT/s
iter 180: loss 6.8213, aux_loss 0.0530, time 1035.80ms, mfu 28.78%, throughput 0.475 MT/s
iter 190: loss 6.8992, aux_loss 0.0527, time 1024.16ms, mfu 29.20%, throughput 0.480 MT/s
iter 200: loss 6.6492, aux_loss 0.0525, time 1011.98ms, mfu 29.60%, throughput 0.486 MT/s
iter 210: loss 6.9728, aux_loss 0.0526, time 1007.29ms, mfu 29.83%, throughput 0.488 MT/s
iter 220: loss 6.5774, aux_loss 0.0524, time 995.78ms, mfu 30.10%, throughput 0.494 MT/s
iter 230: loss 6.6040, aux_loss 0.0523, time 999.58ms, mfu 30.29%, throughput 0.492 MT/s
iter 240: loss 6.2294, aux_loss 0.0523, time 992.42ms, mfu 30.38%, throughput 0.495 MT/s
iter 250: loss 6.3921, aux_loss 0.0523, time 994.18ms, mfu 30.46%, throughput 0.494 MT/s
iter 260: loss 6.2172, aux_loss 0.0521, time 988.05ms, mfu 30.50%, throughput 0.497 MT/s
iter 270: loss 6.4357, aux_loss 0.0522, time 987.29ms, mfu 30.47%, throughput 0.498 MT/s
iter 280: loss 6.1908, aux_loss 0.0524, time 993.17ms, mfu 30.48%, throughput 0.495 MT/s
iter 290: loss 5.9878, aux_loss 0.0523, time 987.37ms, mfu 30.51%, throughput 0.498 MT/s
iter 300: loss 6.0549, aux_loss 0.0523, time 990.11ms, mfu 30.54%, throughput 0.496 MT/s
