W1221 20:19:09.643000 3144870 torch/distributed/run.py:803] 
W1221 20:19:09.643000 3144870 torch/distributed/run.py:803] *****************************************
W1221 20:19:09.643000 3144870 torch/distributed/run.py:803] Setting OMP_NUM_THREADS environment variable for each process to be 1 in default, to avoid your system being overloaded, please further tune the variable for optimal performance in your application as needed. 
W1221 20:19:09.643000 3144870 torch/distributed/run.py:803] *****************************************
/weka/kyle/research/nanoGPT-moe-research/train.py:207: FutureWarning: `torch.cuda.amp.GradScaler(args...)` is deprecated. Please use `torch.amp.GradScaler('cuda', args...)` instead.
  scaler = torch.cuda.amp.GradScaler(enabled=(dtype == 'float16'))
/weka/kyle/research/nanoGPT-moe-research/train.py:207: FutureWarning: `torch.cuda.amp.GradScaler(args...)` is deprecated. Please use `torch.amp.GradScaler('cuda', args...)` instead.
  scaler = torch.cuda.amp.GradScaler(enabled=(dtype == 'float16'))
/weka/kyle/research/nanoGPT-moe-research/train.py:207: FutureWarning: `torch.cuda.amp.GradScaler(args...)` is deprecated. Please use `torch.amp.GradScaler('cuda', args...)` instead.
  scaler = torch.cuda.amp.GradScaler(enabled=(dtype == 'float16'))
/weka/kyle/research/nanoGPT-moe-research/train.py:207: FutureWarning: `torch.cuda.amp.GradScaler(args...)` is deprecated. Please use `torch.amp.GradScaler('cuda', args...)` instead.
  scaler = torch.cuda.amp.GradScaler(enabled=(dtype == 'float16'))
/weka/kyle/research/nanoGPT-moe-research/train.py:207: FutureWarning: `torch.cuda.amp.GradScaler(args...)` is deprecated. Please use `torch.amp.GradScaler('cuda', args...)` instead.
  scaler = torch.cuda.amp.GradScaler(enabled=(dtype == 'float16'))
/weka/kyle/research/nanoGPT-moe-research/train.py:207: FutureWarning: `torch.cuda.amp.GradScaler(args...)` is deprecated. Please use `torch.amp.GradScaler('cuda', args...)` instead.
  scaler = torch.cuda.amp.GradScaler(enabled=(dtype == 'float16'))
/weka/kyle/research/nanoGPT-moe-research/train.py:207: FutureWarning: `torch.cuda.amp.GradScaler(args...)` is deprecated. Please use `torch.amp.GradScaler('cuda', args...)` instead.
  scaler = torch.cuda.amp.GradScaler(enabled=(dtype == 'float16'))
/weka/kyle/research/nanoGPT-moe-research/train.py:207: FutureWarning: `torch.cuda.amp.GradScaler(args...)` is deprecated. Please use `torch.amp.GradScaler('cuda', args...)` instead.
  scaler = torch.cuda.amp.GradScaler(enabled=(dtype == 'float16'))
wandb: Currently logged in as: krc (luma-ai) to https://api.wandb.ai. Use `wandb login --relogin` to force relogin
wandb: setting up run w3qhz3sv
wandb: Tracking run with wandb version 0.23.1
wandb: Run data is saved locally in /weka/kyle/research/nanoGPT-moe-research/wandb/run-20251221_201934-w3qhz3sv
wandb: Run `wandb offline` to turn off syncing.
wandb: Syncing run gpt2-moe-124m-top2-6experts
wandb: ⭐️ View project at https://wandb.ai/luma-ai/nanogpt-moe
wandb: 🚀 View run at https://wandb.ai/luma-ai/nanogpt-moe/runs/w3qhz3sv
/weka/kyle/research/nanoGPT-moe-research/.venv/lib/python3.11/site-packages/torch/distributed/distributed_c10d.py:4876: UserWarning: barrier(): using the device under current context. You can specify `device_id` in `init_process_group` to mute this warning.
  warnings.warn(  # warn only once
slurmstepd: error: *** JOB 3767497 ON ip-10-1-80-213 CANCELLED AT 2025-12-21T20:25:39 ***
W1221 20:25:39.896000 3144870 torch/distributed/elastic/agent/server/api.py:725] Received 15 death signal, shutting down workers
W1221 20:25:39.902000 3144870 torch/distributed/elastic/multiprocessing/api.py:908] Sending process 3144972 closing signal SIGTERM
W1221 20:25:39.903000 3144870 torch/distributed/elastic/multiprocessing/api.py:908] Sending process 3144973 closing signal SIGTERM
W1221 20:25:39.904000 3144870 torch/distributed/elastic/multiprocessing/api.py:908] Sending process 3144974 closing signal SIGTERM
W1221 20:25:39.904000 3144870 torch/distributed/elastic/multiprocessing/api.py:908] Sending process 3144975 closing signal SIGTERM
W1221 20:25:39.905000 3144870 torch/distributed/elastic/multiprocessing/api.py:908] Sending process 3144976 closing signal SIGTERM
W1221 20:25:39.905000 3144870 torch/distributed/elastic/multiprocessing/api.py:908] Sending process 3144977 closing signal SIGTERM
W1221 20:25:39.906000 3144870 torch/distributed/elastic/multiprocessing/api.py:908] Sending process 3144978 closing signal SIGTERM
W1221 20:25:39.906000 3144870 torch/distributed/elastic/multiprocessing/api.py:908] Sending process 3144979 closing signal SIGTERM
