Job ID: 3767497
Node: ip-10-1-80-213
GPUs: 0,1,2,3,4,5,6,7
Start time: Sun Dec 21 20:19:05 UTC 2025
Overriding config with config/train_gpt2_moe_124m.py:
# Config for 124M active parameter MoE model
# Architecture: GPT-2 style with MoE replacing MLP
# - 6 experts per layer, top-2 routing
# - Active params ~124M, total params ~238M

import os

# wandb logging
wandb_log = True
wandb_project = 'nanogpt-moe'
wandb_run_name = 'gpt2-moe-124m-top2-6experts'

# output directory
out_dir = f'out/{wandb_run_name}'
os.makedirs(out_dir, exist_ok=True)

# model architecture (matches GPT-2 124M for attention/embeddings)
n_layer = 12
n_head = 12
n_embd = 768
block_size = 1024
vocab_size = 50304  # padded for efficiency
bias = False  # no bias for slightly better performance
dropout = 0.0

# MoE configuration
use_moe = True
moe_num_experts = 6
moe_num_experts_per_tok = 2  # top-2 routing
# Hidden size chosen so active params ≈ 124M
# Each expert: 768 * 1536 * 2 = 2.36M params
# Top-2 active: 4.72M per layer (matches GPT-2 MLP)
moe_ffn_hidden_size = 1536

# training configuration
batch_size = 12  # micro batch size per GPU
block_size = 1024
gradient_accumulation_steps = 40  # effective batch = 12 * 40 * num_gpus

# optimizer
learning_rate = 6e-4
max_iters = 600000
weight_decay = 0.1
beta1 = 0.9
beta2 = 0.95
grad_clip = 1.0

# learning rate schedule
warmup_iters = 2000
lr_decay_iters = 600000
min_lr = 6e-5

# evaluation
eval_interval = 1000
eval_iters = 200
log_interval = 10

# checkpointing
always_save_checkpoint = False

# system
compile = False  # disable for FSDP compatibility


Overriding config with config/train_gpt2_moe_124m.py:
# Config for 124M active parameter MoE model
# Architecture: GPT-2 style with MoE replacing MLP
# - 6 experts per layer, top-2 routing
# - Active params ~124M, total params ~238M

import os

# wandb logging
wandb_log = True
wandb_project = 'nanogpt-moe'
wandb_run_name = 'gpt2-moe-124m-top2-6experts'

# output directory
out_dir = f'out/{wandb_run_name}'
os.makedirs(out_dir, exist_ok=True)

# model architecture (matches GPT-2 124M for attention/embeddings)
n_layer = 12
n_head = 12
n_embd = 768
block_size = 1024
vocab_size = 50304  # padded for efficiency
bias = False  # no bias for slightly better performance
dropout = 0.0

# MoE configuration
use_moe = True
moe_num_experts = 6
moe_num_experts_per_tok = 2  # top-2 routing
# Hidden size chosen so active params ≈ 124M
# Each expert: 768 * 1536 * 2 = 2.36M params
# Top-2 active: 4.72M per layer (matches GPT-2 MLP)
moe_ffn_hidden_size = 1536

# training configuration
batch_size = 12  # micro batch size per GPU
block_size = 1024
gradient_accumulation_steps = 40  # effective batch = 12 * 40 * num_gpus

# optimizer
learning_rate = 6e-4
max_iters = 600000
weight_decay = 0.1
beta1 = 0.9
beta2 = 0.95
grad_clip = 1.0

# learning rate schedule
warmup_iters = 2000
lr_decay_iters = 600000
min_lr = 6e-5

# evaluation
eval_interval = 1000
eval_iters = 200
log_interval = 10

# checkpointing
always_save_checkpoint = False

# system
compile = False  # disable for FSDP compatibility


Overriding config with config/train_gpt2_moe_124m.py:
# Config for 124M active parameter MoE model
# Architecture: GPT-2 style with MoE replacing MLP
# - 6 experts per layer, top-2 routing
# - Active params ~124M, total params ~238M

import os

# wandb logging
wandb_log = True
wandb_project = 'nanogpt-moe'
wandb_run_name = 'gpt2-moe-124m-top2-6experts'

# output directory
out_dir = f'out/{wandb_run_name}'
os.makedirs(out_dir, exist_ok=True)

# model architecture (matches GPT-2 124M for attention/embeddings)
n_layer = 12
n_head = 12
n_embd = 768
block_size = 1024
vocab_size = 50304  # padded for efficiency
bias = False  # no bias for slightly better performance
dropout = 0.0

# MoE configuration
use_moe = True
moe_num_experts = 6
moe_num_experts_per_tok = 2  # top-2 routing
# Hidden size chosen so active params ≈ 124M
# Each expert: 768 * 1536 * 2 = 2.36M params
# Top-2 active: 4.72M per layer (matches GPT-2 MLP)
moe_ffn_hidden_size = 1536

# training configuration
batch_size = 12  # micro batch size per GPU
block_size = 1024
gradient_accumulation_steps = 40  # effective batch = 12 * 40 * num_gpus

# optimizer
learning_rate = 6e-4
max_iters = 600000
weight_decay = 0.1
beta1 = 0.9
beta2 = 0.95
grad_clip = 1.0

# learning rate schedule
warmup_iters = 2000
lr_decay_iters = 600000
min_lr = 6e-5

# evaluation
eval_interval = 1000
eval_iters = 200
log_interval = 10

# checkpointing
always_save_checkpoint = False

# system
compile = False  # disable for FSDP compatibility


Overriding config with config/train_gpt2_moe_124m.py:
# Config for 124M active parameter MoE model
# Architecture: GPT-2 style with MoE replacing MLP
# - 6 experts per layer, top-2 routing
# - Active params ~124M, total params ~238M

import os

# wandb logging
wandb_log = True
wandb_project = 'nanogpt-moe'
wandb_run_name = 'gpt2-moe-124m-top2-6experts'

# output directory
out_dir = f'out/{wandb_run_name}'
os.makedirs(out_dir, exist_ok=True)

# model architecture (matches GPT-2 124M for attention/embeddings)
n_layer = 12
n_head = 12
n_embd = 768
block_size = 1024
vocab_size = 50304  # padded for efficiency
bias = False  # no bias for slightly better performance
dropout = 0.0

# MoE configuration
use_moe = True
moe_num_experts = 6
moe_num_experts_per_tok = 2  # top-2 routing
# Hidden size chosen so active params ≈ 124M
# Each expert: 768 * 1536 * 2 = 2.36M params
# Top-2 active: 4.72M per layer (matches GPT-2 MLP)
moe_ffn_hidden_size = 1536

# training configuration
batch_size = 12  # micro batch size per GPU
block_size = 1024
gradient_accumulation_steps = 40  # effective batch = 12 * 40 * num_gpus

# optimizer
learning_rate = 6e-4
max_iters = 600000
weight_decay = 0.1
beta1 = 0.9
beta2 = 0.95
grad_clip = 1.0

# learning rate schedule
warmup_iters = 2000
lr_decay_iters = 600000
min_lr = 6e-5

# evaluation
eval_interval = 1000
eval_iters = 200
log_interval = 10

# checkpointing
always_save_checkpoint = False

# system
compile = False  # disable for FSDP compatibility


Overriding config with config/train_gpt2_moe_124m.py:
# Config for 124M active parameter MoE model
# Architecture: GPT-2 style with MoE replacing MLP
# - 6 experts per layer, top-2 routing
# - Active params ~124M, total params ~238M

import os

# wandb logging
wandb_log = True
wandb_project = 'nanogpt-moe'
wandb_run_name = 'gpt2-moe-124m-top2-6experts'

# output directory
out_dir = f'out/{wandb_run_name}'
os.makedirs(out_dir, exist_ok=True)

# model architecture (matches GPT-2 124M for attention/embeddings)
n_layer = 12
n_head = 12
n_embd = 768
block_size = 1024
vocab_size = 50304  # padded for efficiency
bias = False  # no bias for slightly better performance
dropout = 0.0

# MoE configuration
use_moe = True
moe_num_experts = 6
moe_num_experts_per_tok = 2  # top-2 routing
# Hidden size chosen so active params ≈ 124M
# Each expert: 768 * 1536 * 2 = 2.36M params
# Top-2 active: 4.72M per layer (matches GPT-2 MLP)
moe_ffn_hidden_size = 1536

# training configuration
batch_size = 12  # micro batch size per GPU
block_size = 1024
gradient_accumulation_steps = 40  # effective batch = 12 * 40 * num_gpus

# optimizer
learning_rate = 6e-4
max_iters = 600000
weight_decay = 0.1
beta1 = 0.9
beta2 = 0.95
grad_clip = 1.0

# learning rate schedule
warmup_iters = 2000
lr_decay_iters = 600000
min_lr = 6e-5

# evaluation
eval_interval = 1000
eval_iters = 200
log_interval = 10

# checkpointing
always_save_checkpoint = False

# system
compile = False  # disable for FSDP compatibility


Overriding config with config/train_gpt2_moe_124m.py:
# Config for 124M active parameter MoE model
# Architecture: GPT-2 style with MoE replacing MLP
# - 6 experts per layer, top-2 routing
# - Active params ~124M, total params ~238M

import os

# wandb logging
wandb_log = True
wandb_project = 'nanogpt-moe'
wandb_run_name = 'gpt2-moe-124m-top2-6experts'

# output directory
out_dir = f'out/{wandb_run_name}'
os.makedirs(out_dir, exist_ok=True)

# model architecture (matches GPT-2 124M for attention/embeddings)
n_layer = 12
n_head = 12
n_embd = 768
block_size = 1024
vocab_size = 50304  # padded for efficiency
bias = False  # no bias for slightly better performance
dropout = 0.0

# MoE configuration
use_moe = True
moe_num_experts = 6
moe_num_experts_per_tok = 2  # top-2 routing
# Hidden size chosen so active params ≈ 124M
# Each expert: 768 * 1536 * 2 = 2.36M params
# Top-2 active: 4.72M per layer (matches GPT-2 MLP)
moe_ffn_hidden_size = 1536

# training configuration
batch_size = 12  # micro batch size per GPU
block_size = 1024
gradient_accumulation_steps = 40  # effective batch = 12 * 40 * num_gpus

# optimizer
learning_rate = 6e-4
max_iters = 600000
weight_decay = 0.1
beta1 = 0.9
beta2 = 0.95
grad_clip = 1.0

# learning rate schedule
warmup_iters = 2000
lr_decay_iters = 600000
min_lr = 6e-5

# evaluation
eval_interval = 1000
eval_iters = 200
log_interval = 10

# checkpointing
always_save_checkpoint = False

# system
compile = False  # disable for FSDP compatibility


tokens per iteration will be: 491,520
Overriding config with config/train_gpt2_moe_124m.py:
# Config for 124M active parameter MoE model
# Architecture: GPT-2 style with MoE replacing MLP
# - 6 experts per layer, top-2 routing
# - Active params ~124M, total params ~238M

import os

# wandb logging
wandb_log = True
wandb_project = 'nanogpt-moe'
wandb_run_name = 'gpt2-moe-124m-top2-6experts'

# output directory
out_dir = f'out/{wandb_run_name}'
os.makedirs(out_dir, exist_ok=True)

# model architecture (matches GPT-2 124M for attention/embeddings)
n_layer = 12
n_head = 12
n_embd = 768
block_size = 1024
vocab_size = 50304  # padded for efficiency
bias = False  # no bias for slightly better performance
dropout = 0.0

# MoE configuration
use_moe = True
moe_num_experts = 6
moe_num_experts_per_tok = 2  # top-2 routing
# Hidden size chosen so active params ≈ 124M
# Each expert: 768 * 1536 * 2 = 2.36M params
# Top-2 active: 4.72M per layer (matches GPT-2 MLP)
moe_ffn_hidden_size = 1536

# training configuration
batch_size = 12  # micro batch size per GPU
block_size = 1024
gradient_accumulation_steps = 40  # effective batch = 12 * 40 * num_gpus

# optimizer
learning_rate = 6e-4
max_iters = 600000
weight_decay = 0.1
beta1 = 0.9
beta2 = 0.95
grad_clip = 1.0

# learning rate schedule
warmup_iters = 2000
lr_decay_iters = 600000
min_lr = 6e-5

# evaluation
eval_interval = 1000
eval_iters = 200
log_interval = 10

# checkpointing
always_save_checkpoint = False

# system
compile = False  # disable for FSDP compatibility


Initializing a new model from scratch
defaulting to vocab_size of GPT-2 to 50304 (50257 rounded up for efficiency)
Overriding config with config/train_gpt2_moe_124m.py:
# Config for 124M active parameter MoE model
# Architecture: GPT-2 style with MoE replacing MLP
# - 6 experts per layer, top-2 routing
# - Active params ~124M, total params ~238M

import os

# wandb logging
wandb_log = True
wandb_project = 'nanogpt-moe'
wandb_run_name = 'gpt2-moe-124m-top2-6experts'

# output directory
out_dir = f'out/{wandb_run_name}'
os.makedirs(out_dir, exist_ok=True)

# model architecture (matches GPT-2 124M for attention/embeddings)
n_layer = 12
n_head = 12
n_embd = 768
block_size = 1024
vocab_size = 50304  # padded for efficiency
bias = False  # no bias for slightly better performance
dropout = 0.0

# MoE configuration
use_moe = True
moe_num_experts = 6
moe_num_experts_per_tok = 2  # top-2 routing
# Hidden size chosen so active params ≈ 124M
# Each expert: 768 * 1536 * 2 = 2.36M params
# Top-2 active: 4.72M per layer (matches GPT-2 MLP)
moe_ffn_hidden_size = 1536

# training configuration
batch_size = 12  # micro batch size per GPU
block_size = 1024
gradient_accumulation_steps = 40  # effective batch = 12 * 40 * num_gpus

# optimizer
learning_rate = 6e-4
max_iters = 600000
weight_decay = 0.1
beta1 = 0.9
beta2 = 0.95
grad_clip = 1.0

# learning rate schedule
warmup_iters = 2000
lr_decay_iters = 600000
min_lr = 6e-5

# evaluation
eval_interval = 1000
eval_iters = 200
log_interval = 10

# checkpointing
always_save_checkpoint = False

# system
compile = False  # disable for FSDP compatibility


tokens per iteration will be: 491,520
Initializing a new model from scratch
defaulting to vocab_size of GPT-2 to 50304 (50257 rounded up for efficiency)
tokens per iteration will be: 491,520
tokens per iteration will be: 491,520
Initializing a new model from scratch
defaulting to vocab_size of GPT-2 to 50304 (50257 rounded up for efficiency)
Initializing a new model from scratch
defaulting to vocab_size of GPT-2 to 50304 (50257 rounded up for efficiency)
tokens per iteration will be: 491,520
Initializing a new model from scratch
tokens per iteration will be: 491,520
defaulting to vocab_size of GPT-2 to 50304 (50257 rounded up for efficiency)
Initializing a new model from scratch
defaulting to vocab_size of GPT-2 to 50304 (50257 rounded up for efficiency)
tokens per iteration will be: 491,520
tokens per iteration will be: 491,520
Initializing a new model from scratch
defaulting to vocab_size of GPT-2 to 50304 (50257 rounded up for efficiency)
Initializing a new model from scratch
defaulting to vocab_size of GPT-2 to 50304 (50257 rounded up for efficiency)
number of parameters: 236.89M
number of parameters: 236.89M
number of parameters: 236.89M
number of parameters: 236.89M
number of parameters: 236.89M
number of parameters: 236.89M
number of parameters: 236.89M
number of parameters: 236.89M
num decayed parameter tensors: 62, with 237,656,064 parameters
num non-decayed parameter tensors: 37, with 19,272 parametersnum decayed parameter tensors: 62, with 237,656,064 parameters

num decayed parameter tensors: 62, with 237,656,064 parameters
num non-decayed parameter tensors: 37, with 19,272 parameters
using fused AdamW: True
num non-decayed parameter tensors: 37, with 19,272 parameters
num decayed parameter tensors: 62, with 237,656,064 parameters
num decayed parameter tensors: 62, with 237,656,064 parameters
num decayed parameter tensors: 62, with 237,656,064 parameters
using fused AdamW: True
num decayed parameter tensors: 62, with 237,656,064 parameters
using fused AdamW: True
num non-decayed parameter tensors: 37, with 19,272 parameters
num non-decayed parameter tensors: 37, with 19,272 parameters
num non-decayed parameter tensors: 37, with 19,272 parametersusing fused AdamW: Truenum non-decayed parameter tensors: 37, with 19,272 parameters
using fused AdamW: True


using fused AdamW: True
using fused AdamW: True
num decayed parameter tensors: 62, with 237,656,064 parameters
num non-decayed parameter tensors: 37, with 19,272 parameters
using fused AdamW: True
step 0: train loss 10.9882, val loss 10.9882
step 0: train loss 10.9882, val loss 10.9882
step 0: train loss 10.9878, val loss 10.9876step 0: train loss 10.9880, val loss 10.9884
step 0: train loss 10.9883, val loss 10.9878
step 0: train loss 10.9882, val loss 10.9886
step 0: train loss 10.9881, val loss 10.9882
step 0: train loss 10.9887, val loss 10.9885

iter 0: loss 11.0018, aux_loss 0.0508, time 35393.65ms, mfu -100.00%, throughput 0.014 MT/s
iter 10: loss 10.8591, aux_loss 0.0508, time 1054.93ms, mfu 28.65%, throughput 0.466 MT/s
iter 20: loss 10.4001, aux_loss 0.0516, time 1101.67ms, mfu 28.52%, throughput 0.446 MT/s
iter 30: loss 9.8210, aux_loss 0.0548, time 1200.31ms, mfu 28.19%, throughput 0.409 MT/s
iter 40: loss 9.5372, aux_loss 0.0576, time 1250.20ms, mfu 27.79%, throughput 0.393 MT/s
iter 50: loss 9.3908, aux_loss 0.0579, time 1264.93ms, mfu 27.40%, throughput 0.389 MT/s
iter 60: loss 8.9314, aux_loss 0.0596, time 1280.23ms, mfu 27.02%, throughput 0.384 MT/s
iter 70: loss 8.8683, aux_loss 0.0607, time 1267.99ms, mfu 26.70%, throughput 0.388 MT/s
iter 80: loss 8.5481, aux_loss 0.0621, time 1268.63ms, mfu 26.41%, throughput 0.387 MT/s
iter 90: loss 8.2831, aux_loss 0.0617, time 1279.27ms, mfu 26.13%, throughput 0.384 MT/s
iter 100: loss 8.1329, aux_loss 0.0598, time 1255.75ms, mfu 25.93%, throughput 0.391 MT/s
iter 110: loss 7.7462, aux_loss 0.0578, time 1246.82ms, mfu 25.76%, throughput 0.394 MT/s
iter 120: loss 7.6484, aux_loss 0.0558, time 1231.16ms, mfu 25.64%, throughput 0.399 MT/s
iter 130: loss 7.3677, aux_loss 0.0552, time 1219.59ms, mfu 25.55%, throughput 0.403 MT/s
iter 140: loss 7.2386, aux_loss 0.0550, time 1201.86ms, mfu 25.51%, throughput 0.409 MT/s
iter 150: loss 7.1473, aux_loss 0.0544, time 1189.91ms, mfu 25.50%, throughput 0.413 MT/s
iter 160: loss 7.0177, aux_loss 0.0540, time 1163.19ms, mfu 25.55%, throughput 0.423 MT/s
iter 170: loss 6.9874, aux_loss 0.0534, time 1150.87ms, mfu 25.62%, throughput 0.427 MT/s
iter 180: loss 6.8230, aux_loss 0.0530, time 1133.53ms, mfu 25.72%, throughput 0.434 MT/s
iter 190: loss 6.8982, aux_loss 0.0526, time 1118.28ms, mfu 25.85%, throughput 0.440 MT/s
iter 200: loss 6.6528, aux_loss 0.0526, time 1111.02ms, mfu 25.99%, throughput 0.442 MT/s
iter 210: loss 6.9756, aux_loss 0.0526, time 1101.96ms, mfu 26.13%, throughput 0.446 MT/s
iter 220: loss 6.5805, aux_loss 0.0524, time 1090.20ms, mfu 26.29%, throughput 0.451 MT/s
iter 230: loss 6.6053, aux_loss 0.0522, time 1089.41ms, mfu 26.43%, throughput 0.451 MT/s
iter 240: loss 6.2316, aux_loss 0.0523, time 1087.03ms, mfu 26.57%, throughput 0.452 MT/s
iter 250: loss 6.3927, aux_loss 0.0523, time 1083.01ms, mfu 26.70%, throughput 0.454 MT/s
iter 260: loss 6.2193, aux_loss 0.0522, time 1083.87ms, mfu 26.82%, throughput 0.453 MT/s
iter 270: loss 6.4390, aux_loss 0.0524, time 1088.18ms, mfu 26.92%, throughput 0.452 MT/s
iter 280: loss 6.1902, aux_loss 0.0524, time 1094.44ms, mfu 26.99%, throughput 0.449 MT/s
